// Jest Snapshot v1, https://goo.gl/fbAQLP

exports[`Loading test default Loading 1`] = `
<div
  className="loader"
>
  <div
    className="loader__content"
  >
    Loading...
  </div>
</div>
`;
